0 supercharge theory in 1D
--------------------------------
Number of colors 2
Temporal extent 4
Inverse temperature 1
Mass parameter 0.3
Lattice Coupling 0.5
Thermalization sweeps 0
Number of sweeps 3
Gap between measurements 1
Time step in leapfrog eqs 0.025
Trajectory length 40
Minimax approx degree 15
Reading initial config: (1 for yes, 0 for no) 1
periodic temporal bc for fermions
--------------------------------
Computing generators for SU(N)
min and max eigenvalue are 1e-12	100
relative error is 4e-04 in (15,15) approx
Computing Gamma matrices
config coupling is 1
time step used for input config 0.01
number of colors 2
Warming up
using thermalization DT 0.0125
Commencing measurement sweeps
Updated DT is 0.025
Got seed 41 from user input
-------------*****--------------
Umom 3.12485 Xmom 45.0079
boson 4.82707 so3 0.00110408 so6 0.000461444 Myers -0.0124267
Action at beginning traj 4.8231
H at beginning traj 52.9558
boson 10.4324 so3 0.0028764 so6 0.0016763 Myers -0.11906
Umom 2.37044 Xmom 40.3017
Action at end of traj 10.3415
H at end of traj 53.0136
ACCEPTED with deltaH of 0.0577712
sweep no. 1
-------------*****--------------
Umom 10.1735 Xmom 45.275
Action at beginning traj 10.3415
H at beginning traj 65.79
boson 16.1423 so3 0.0107399 so6 0.00138203 Myers -0.0631906
Umom 5.28226 Xmom 44.2426
Action at end of traj 16.1125
H at end of traj 65.6374
ACCEPTED with deltaH of -0.152542
sweep no. 2
-------------*****--------------
Umom 5.89322 Xmom 52.1988
Action at beginning traj 16.1125
H at beginning traj 74.2046
boson 25.0175 so3 0.00515257 so6 0.00451688 Myers 0.0881662
Umom 4.34086 Xmom 44.3592
Action at end of traj 25.1479
H at end of traj 73.8479
ACCEPTED with deltaH of -0.356653
sweep no. 3

Runtime: 1358 msec
