0 supercharge theory in 1D
--------------------------------
Number of colors 2
Temporal extent 4
Inverse temperature 1
Mass parameter 0.3
Lattice Coupling 0.5
Thermalization sweeps 0
Number of sweeps 3
Gap between measurements 1
Time step in leapfrog eqs 0.025
Trajectory length 40
Minimax approx degree 15
Reading initial config: (1 for yes, 0 for no) 1
periodic temporal bc for fermions
--------------------------------
Computing generators for SU(N)
min and max eigenvalue are 1e-12	100
relative error is 4e-04 in (15,15) approx
Computing Gamma matrices
config coupling is 1
time step used for input config 0.01
number of colors 2
Warming up
using thermalization DT 0.0125
Commencing measurement sweeps
Updated DT is 0.025
Got seed 41 from user input
-------------*****--------------
KE = (Umom + Xmom) = 3.12485 + 45.0079
boson 4.82707
so3 0.0099367
so6 0.0661696
Myers -0.0372802
Action at beginning traj 4.86589
H at beginning traj 52.9986
boson 10.4324
so3 0.0258876
so6 0.227277
Myers -0.357181
KE = (Umom + Xmom) = 2.37044 + 40.3017
Action at end of traj 10.3284
H at end of traj 53.0005
ACCEPTED with deltaH of 0.00188851
sweep no. 1
-------------*****--------------
KE = (Umom + Xmom) = 10.1735 + 45.275
Action at beginning traj 10.3284
H at beginning traj 65.7769
boson 16.1423
so3 0.0966587
so6 0.204251
Myers -0.189572
KE = (Umom + Xmom) = 5.28226 + 44.2426
Action at end of traj 16.2536
H at end of traj 65.7785
ACCEPTED with deltaH of 0.00163861
sweep no. 2
-------------*****--------------
KE = (Umom + Xmom) = 5.89322 + 52.1988
Action at beginning traj 16.2536
H at beginning traj 74.3457
boson 25.0175
so3 0.0463731
so6 0.333342
Myers 0.264499
KE = (Umom + Xmom) = 4.34086 + 44.3592
Action at end of traj 25.6618
H at end of traj 74.3618
ACCEPTED with deltaH of 0.0161092
sweep no. 3

Runtime:  msec
