0 supercharge theory in 1D
--------------------------------
Number of colors 2
Temporal extent 4
Inverse temperature 1
Mass parameter 0.3
Lattice Coupling 0.5
Thermalization sweeps 0
Number of sweeps 3
Gap between measurements 1
Time step in leapfrog eqs 0.025
Trajectory length 40
Minimax approx degree 15
Reading initial config: (1 for yes, 0 for no) 1
periodic temporal bc for fermions
--------------------------------
Computing generators for SU(N)
min and max eigenvalue are 1e-12	100
relative error is 4e-04 in (15,15) approx
Computing Gamma matrices
config coupling is 1
time step used for input config 0.01
number of colors 2
Warming up
using thermalization DT 0.0125
Commencing measurement sweeps
Updated DT is 0.025
Got seed 41 from user input
-------------*****--------------
Umom 3.12485 Xmom 45.0079
so3 0.00478696 so6 0.00366929 Myers -0.0124267 boson 4.8231
Action at beginning traj 4.8231
H at beginning traj 52.9558
so3 0.0209933 so6 0.00606435 Myers -0.0786738 boson 9.98009
Umom 2.25414 Xmom 40.7229
Action at end of traj 9.98009
H at end of traj 52.9571
ACCEPTED with deltaH of 0.00126542
sweep no. 1
-------------*****--------------
Umom 10.1735 Xmom 45.275
Action at beginning traj 9.98009
H at beginning traj 65.4286
so3 0.0254423 so6 0.00844488 Myers -0.00137974 boson 16.1261
Umom 5.65437 Xmom 43.649
Action at end of traj 16.1261
H at end of traj 65.4294
ACCEPTED with deltaH of 0.000802951
sweep no. 2
-------------*****--------------
Umom 5.89322 Xmom 52.1988
Action at beginning traj 16.1261
H at beginning traj 74.2181
so3 0.0349438 so6 0.00950253 Myers 0.0649991 boson 25.7571
Umom 4.28024 Xmom 44.1968
Action at end of traj 25.7571
H at end of traj 74.2342
ACCEPTED with deltaH of 0.0161043
sweep no. 3

Runtime: 1428 msec
